Component: ARM Compiler 5.06 update 5 (build 528) Tool: armlink [4d35e2]

==============================================================================

Section Cross References

    main.o(i.main) refers to slcd.o(i.slcdInitialize) for slcdInitialize
    main.o(i.main) refers to tpm.o(i.tpmInitialize) for tpmInitialize
    main.o(i.main) refers to i2c.o(i.I2C_Init) for I2C_Init
    main.o(i.main) refers to mpu.o(i.setRegister) for setRegister
    tpm.o(i.TPM0_IRQHandler) refers to mpu.o(i.readY) for readY
    tpm.o(i.TPM0_IRQHandler) refers to slcd.o(i.slcdDisplay) for slcdDisplay
    tpm.o(i.TPM0_IRQHandler) refers to extra.o(i.delay_mc) for delay_mc
    tpm.o(i.TPM0_IRQHandler) refers to tpm.o(.data) for value
    tpm.o(i.tpmInitialize) refers to tpm.o(i.__NVIC_SetPriority) for __NVIC_SetPriority
    slcd.o(i.pitincrement) refers to aeabi_sdiv.o(.text) for __aeabi_idivmod
    slcd.o(i.pitincrement) refers to slcd.o(i.slcdSet) for slcdSet
    slcd.o(i.slcdClear) refers to slcd.o(.constdata) for LCD_Front_Pin
    slcd.o(i.slcdDemo) refers to slcd.o(i.slcdClear) for slcdClear
    slcd.o(i.slcdDemo) refers to slcd.o(i.slcdSet) for slcdSet
    slcd.o(i.slcdDemo) refers to extra.o(i.delay_mc) for delay_mc
    slcd.o(i.slcdDisplay) refers to aeabi_sdiv.o(.text) for __aeabi_idivmod
    slcd.o(i.slcdDisplay) refers to slcd.o(i.slcdSet) for slcdSet
    slcd.o(i.slcdDots) refers to slcd.o(i.slcdSet) for slcdSet
    slcd.o(i.slcdErr) refers to slcd.o(i.__ARM_common_switch8) for __ARM_common_switch8
    slcd.o(i.slcdErr) refers to slcd.o(.constdata) for LCD_Front_Pin
    slcd.o(i.slcdSet) refers to slcd.o(i.__ARM_common_switch8) for __ARM_common_switch8
    slcd.o(i.slcdSet) refers to slcd.o(i.slcdErr) for slcdErr
    slcd.o(i.slcdSet) refers to slcd.o(.constdata) for LCD_Front_Pin
    mpu.o(i.Init) refers to mpu.o(i.setRegister) for setRegister
    mpu.o(i.Init) refers to extra.o(i.delay_mc) for delay_mc
    mpu.o(i.calibrate) refers to mpu.o(i.reset) for reset
    mpu.o(i.calibrate) refers to mpu.o(i.setRegister) for setRegister
    mpu.o(i.calibrate) refers to extra.o(i.delay_mc) for delay_mc
    mpu.o(i.calibrate) refers to mpu.o(i.read) for read
    mpu.o(i.calibrate) refers to aeabi_sdiv.o(.text) for __aeabi_idivmod
    mpu.o(i.calibrate) refers to fflti.o(.text) for __aeabi_i2f
    mpu.o(i.calibrate) refers to fmul.o(x$fpl$fmul) for __aeabi_fmul
    mpu.o(i.read) refers to i2c.o(i.I2C_Enable) for I2C_Enable
    mpu.o(i.read) refers to i2c.o(i.I2C_Start) for I2C_Start
    mpu.o(i.read) refers to i2c.o(i.I2C_WriteByte) for I2C_WriteByte
    mpu.o(i.read) refers to i2c.o(i.I2C_Restart) for I2C_Restart
    mpu.o(i.read) refers to i2c.o(i.sendACK) for sendACK
    mpu.o(i.read) refers to i2c.o(i.I2C_ReadByte) for I2C_ReadByte
    mpu.o(i.read) refers to i2c.o(i.sendNACK) for sendNACK
    mpu.o(i.read) refers to i2c.o(i.I2C_Stop) for I2C_Stop
    mpu.o(i.read) refers to i2c.o(i.I2C_Disable) for I2C_Disable
    mpu.o(i.readX) refers to mpu.o(i.read) for read
    mpu.o(i.readY) refers to mpu.o(i.read) for read
    mpu.o(i.readZ) refers to mpu.o(i.read) for read
    mpu.o(i.reset) refers to mpu.o(i.setRegister) for setRegister
    mpu.o(i.reset) refers to extra.o(i.delay_mc) for delay_mc
    mpu.o(i.setRegister) refers to i2c.o(i.I2C_Enable) for I2C_Enable
    mpu.o(i.setRegister) refers to i2c.o(i.I2C_Start) for I2C_Start
    mpu.o(i.setRegister) refers to i2c.o(i.I2C_WriteByte) for I2C_WriteByte
    mpu.o(i.setRegister) refers to i2c.o(i.I2C_Stop) for I2C_Stop
    mpu.o(i.setRegister) refers to i2c.o(i.I2C_Disable) for I2C_Disable
    leds.o(i.ledgreenBlink) refers to extra.o(i.delay_mc) for delay_mc
    leds.o(i.ledgreenBlink) refers to leds.o(.constdata) for led_mask
    leds.o(i.ledredBlink) refers to extra.o(i.delay_mc) for delay_mc
    leds.o(i.ledredBlink) refers to leds.o(.constdata) for led_mask
    leds.o(i.ledsInitialize) refers to leds.o(.constdata) for led_mask
    leds.o(i.ledsOff) refers to leds.o(.constdata) for led_mask
    leds.o(i.ledsOn) refers to leds.o(.constdata) for led_mask
    startup_mkl46z4.o(STACK) refers (Special) to heapauxi.o(.text) for __use_two_region_memory
    startup_mkl46z4.o(HEAP) refers (Special) to heapauxi.o(.text) for __use_two_region_memory
    startup_mkl46z4.o(RESET) refers (Special) to heapauxi.o(.text) for __use_two_region_memory
    startup_mkl46z4.o(RESET) refers to startup_mkl46z4.o(STACK) for __initial_sp
    startup_mkl46z4.o(RESET) refers to startup_mkl46z4.o(.text) for Reset_Handler
    startup_mkl46z4.o(RESET) refers to tpm.o(i.TPM0_IRQHandler) for TPM0_IRQHandler
    startup_mkl46z4.o(.ARM.__at_0x400) refers (Special) to heapauxi.o(.text) for __use_two_region_memory
    startup_mkl46z4.o(.text) refers (Special) to heapauxi.o(.text) for __use_two_region_memory
    startup_mkl46z4.o(.text) refers to system_mkl46z4.o(i.SystemInit) for SystemInit
    startup_mkl46z4.o(.text) refers to __main.o(!!!main) for __main
    startup_mkl46z4.o(.text) refers to startup_mkl46z4.o(HEAP) for Heap_Mem
    startup_mkl46z4.o(.text) refers to startup_mkl46z4.o(STACK) for Stack_Mem
    system_mkl46z4.o(i.SystemCoreClockUpdate) refers to aeabi_sdiv.o(.text) for __aeabi_uidivmod
    system_mkl46z4.o(i.SystemCoreClockUpdate) refers to slcd.o(i.__ARM_common_switch8) for __ARM_common_switch8
    system_mkl46z4.o(i.SystemCoreClockUpdate) refers to system_mkl46z4.o(.data) for SystemCoreClock
    __main.o(!!!main) refers to __rtentry.o(.ARM.Collect$$rtentry$$00000000) for __rt_entry
    fflti.o(.text) refers (Special) to usenofp.o(x$fpl$usenofp) for __I$use$fp
    fmul.o(x$fpl$fmul) refers (Special) to usenofp.o(x$fpl$usenofp) for __I$use$fp
    __rtentry.o(.ARM.Collect$$rtentry$$00000000) refers (Special) to __rtentry2.o(.ARM.Collect$$rtentry$$0000000A) for __rt_entry_li
    __rtentry.o(.ARM.Collect$$rtentry$$00000000) refers (Special) to __rtentry2.o(.ARM.Collect$$rtentry$$0000000D) for __rt_entry_main
    __rtentry.o(.ARM.Collect$$rtentry$$00000000) refers (Special) to __rtentry2.o(.ARM.Collect$$rtentry$$0000000C) for __rt_entry_postli_1
    __rtentry.o(.ARM.Collect$$rtentry$$00000000) refers (Special) to __rtentry2.o(.ARM.Collect$$rtentry$$00000009) for __rt_entry_postsh_1
    __rtentry.o(.ARM.Collect$$rtentry$$00000000) refers (Special) to __rtentry2.o(.ARM.Collect$$rtentry$$00000002) for __rt_entry_presh_1
    __rtentry.o(.ARM.Collect$$rtentry$$00000000) refers (Special) to __rtentry4.o(.ARM.Collect$$rtentry$$00000004) for __rt_entry_sh
    aeabi_idiv0_sigfpe.o(.text) refers to rt_div0.o(.text) for __rt_div0
    __rtentry2.o(.ARM.Collect$$rtentry$$00000008) refers to boardinit2.o(.text) for _platform_post_stackheap_init
    __rtentry2.o(.ARM.Collect$$rtentry$$0000000A) refers to libinit.o(.ARM.Collect$$libinit$$00000000) for __rt_lib_init
    __rtentry2.o(.ARM.Collect$$rtentry$$0000000B) refers to boardinit3.o(.text) for _platform_post_lib_init
    __rtentry2.o(.ARM.Collect$$rtentry$$0000000D) refers to main.o(i.main) for main
    __rtentry2.o(.ARM.Collect$$rtentry$$0000000D) refers to exit.o(.text) for exit
    __rtentry2.o(.ARM.exidx) refers to __rtentry2.o(.ARM.Collect$$rtentry$$00000001) for .ARM.Collect$$rtentry$$00000001
    __rtentry2.o(.ARM.exidx) refers to __rtentry2.o(.ARM.Collect$$rtentry$$00000008) for .ARM.Collect$$rtentry$$00000008
    __rtentry2.o(.ARM.exidx) refers to __rtentry2.o(.ARM.Collect$$rtentry$$0000000A) for .ARM.Collect$$rtentry$$0000000A
    __rtentry2.o(.ARM.exidx) refers to __rtentry2.o(.ARM.Collect$$rtentry$$0000000B) for .ARM.Collect$$rtentry$$0000000B
    __rtentry2.o(.ARM.exidx) refers to __rtentry2.o(.ARM.Collect$$rtentry$$0000000D) for .ARM.Collect$$rtentry$$0000000D
    __rtentry4.o(.ARM.Collect$$rtentry$$00000004) refers to sys_stackheap_outer.o(.text) for __user_setup_stackheap
    __rtentry4.o(.ARM.exidx) refers to __rtentry4.o(.ARM.Collect$$rtentry$$00000004) for .ARM.Collect$$rtentry$$00000004
    rt_div0.o(.text) refers to defsig_fpe_outer.o(.text) for __rt_SIGFPE
    sys_stackheap_outer.o(.text) refers to libspace.o(.text) for __user_perproc_libspace
    sys_stackheap_outer.o(.text) refers to startup_mkl46z4.o(.text) for __user_initial_stackheap
    sys_stackheap_outer.o(__vectab_stack_and_reset_area) refers to tempstk.o(.text) for __temporary_stack_top
    sys_stackheap_outer.o(__vectab_stack_and_reset_area) refers to __main.o(!!!main) for __main
    exit.o(.text) refers to rtexit.o(.ARM.Collect$$rtexit$$00000000) for __rt_exit
    defsig_fpe_outer.o(.text) refers to defsig_fpe_inner.o(.text) for __rt_SIGFPE_inner
    defsig_fpe_outer.o(.text) refers to defsig_exit.o(.text) for __sig_exit
    defsig_fpe_formal.o(.text) refers to rt_raise.o(.text) for __rt_raise
    libinit.o(.ARM.Collect$$libinit$$00000000) refers (Special) to libinit2.o(.ARM.Collect$$libinit$$0000002E) for __rt_lib_init_alloca_1
    libinit.o(.ARM.Collect$$libinit$$00000000) refers (Special) to libinit2.o(.ARM.Collect$$libinit$$0000002C) for __rt_lib_init_argv_1
    libinit.o(.ARM.Collect$$libinit$$00000000) refers (Special) to libinit2.o(.ARM.Collect$$libinit$$0000001B) for __rt_lib_init_atexit_1
    libinit.o(.ARM.Collect$$libinit$$00000000) refers (Special) to libinit2.o(.ARM.Collect$$libinit$$00000021) for __rt_lib_init_clock_1
    libinit.o(.ARM.Collect$$libinit$$00000000) refers (Special) to libinit2.o(.ARM.Collect$$libinit$$00000032) for __rt_lib_init_cpp_1
    libinit.o(.ARM.Collect$$libinit$$00000000) refers (Special) to libinit2.o(.ARM.Collect$$libinit$$00000030) for __rt_lib_init_exceptions_1
    libinit.o(.ARM.Collect$$libinit$$00000000) refers (Special) to libinit2.o(.ARM.Collect$$libinit$$00000002) for __rt_lib_init_fp_1
    libinit.o(.ARM.Collect$$libinit$$00000000) refers (Special) to libinit2.o(.ARM.Collect$$libinit$$0000001F) for __rt_lib_init_fp_trap_1
    libinit.o(.ARM.Collect$$libinit$$00000000) refers (Special) to libinit2.o(.ARM.Collect$$libinit$$00000023) for __rt_lib_init_getenv_1
    libinit.o(.ARM.Collect$$libinit$$00000000) refers (Special) to libinit2.o(.ARM.Collect$$libinit$$0000000A) for __rt_lib_init_heap_1
    libinit.o(.ARM.Collect$$libinit$$00000000) refers (Special) to libinit2.o(.ARM.Collect$$libinit$$00000011) for __rt_lib_init_lc_collate_1
    libinit.o(.ARM.Collect$$libinit$$00000000) refers (Special) to libinit2.o(.ARM.Collect$$libinit$$00000013) for __rt_lib_init_lc_ctype_1
    libinit.o(.ARM.Collect$$libinit$$00000000) refers (Special) to libinit2.o(.ARM.Collect$$libinit$$00000015) for __rt_lib_init_lc_monetary_1
    libinit.o(.ARM.Collect$$libinit$$00000000) refers (Special) to libinit2.o(.ARM.Collect$$libinit$$00000017) for __rt_lib_init_lc_numeric_1
    libinit.o(.ARM.Collect$$libinit$$00000000) refers (Special) to libinit2.o(.ARM.Collect$$libinit$$00000019) for __rt_lib_init_lc_time_1
    libinit.o(.ARM.Collect$$libinit$$00000000) refers (Special) to libinit2.o(.ARM.Collect$$libinit$$00000004) for __rt_lib_init_preinit_1
    libinit.o(.ARM.Collect$$libinit$$00000000) refers (Special) to libinit2.o(.ARM.Collect$$libinit$$0000000E) for __rt_lib_init_rand_1
    libinit.o(.ARM.Collect$$libinit$$00000000) refers (Special) to libinit2.o(.ARM.Collect$$libinit$$00000033) for __rt_lib_init_return
    libinit.o(.ARM.Collect$$libinit$$00000000) refers (Special) to libinit2.o(.ARM.Collect$$libinit$$0000001D) for __rt_lib_init_signal_1
    libinit.o(.ARM.Collect$$libinit$$00000000) refers (Special) to libinit2.o(.ARM.Collect$$libinit$$00000025) for __rt_lib_init_stdio_1
    libinit.o(.ARM.Collect$$libinit$$00000000) refers (Special) to libinit2.o(.ARM.Collect$$libinit$$0000000C) for __rt_lib_init_user_alloc_1
    libspace.o(.text) refers to libspace.o(.bss) for __libspace_start
    rtexit.o(.ARM.Collect$$rtexit$$00000000) refers (Special) to rtexit2.o(.ARM.Collect$$rtexit$$00000004) for __rt_exit_exit
    rtexit.o(.ARM.Collect$$rtexit$$00000000) refers (Special) to rtexit2.o(.ARM.Collect$$rtexit$$00000003) for __rt_exit_ls
    rtexit.o(.ARM.Collect$$rtexit$$00000000) refers (Special) to rtexit2.o(.ARM.Collect$$rtexit$$00000002) for __rt_exit_prels_1
    rtexit.o(.ARM.exidx) refers (Special) to rtexit2.o(.ARM.Collect$$rtexit$$00000004) for __rt_exit_exit
    rtexit.o(.ARM.exidx) refers (Special) to rtexit2.o(.ARM.Collect$$rtexit$$00000003) for __rt_exit_ls
    rtexit.o(.ARM.exidx) refers (Special) to rtexit2.o(.ARM.Collect$$rtexit$$00000002) for __rt_exit_prels_1
    rtexit.o(.ARM.exidx) refers to rtexit.o(.ARM.Collect$$rtexit$$00000000) for .ARM.Collect$$rtexit$$00000000
    rt_raise.o(.text) refers to __raise.o(.text) for __raise
    rt_raise.o(.text) refers to sys_exit.o(.text) for _sys_exit
    defsig_exit.o(.text) refers to sys_exit.o(.text) for _sys_exit
    defsig_fpe_inner.o(.text) refers to defsig_general.o(.text) for __default_signal_display
    libinit2.o(.ARM.Collect$$libinit$$00000010) refers to libinit2.o(.ARM.Collect$$libinit$$0000000F) for .ARM.Collect$$libinit$$0000000F
    libinit2.o(.ARM.Collect$$libinit$$00000012) refers to libinit2.o(.ARM.Collect$$libinit$$0000000F) for .ARM.Collect$$libinit$$0000000F
    libinit2.o(.ARM.Collect$$libinit$$00000014) refers to libinit2.o(.ARM.Collect$$libinit$$0000000F) for .ARM.Collect$$libinit$$0000000F
    libinit2.o(.ARM.Collect$$libinit$$00000016) refers to libinit2.o(.ARM.Collect$$libinit$$0000000F) for .ARM.Collect$$libinit$$0000000F
    libinit2.o(.ARM.Collect$$libinit$$00000018) refers to libinit2.o(.ARM.Collect$$libinit$$0000000F) for .ARM.Collect$$libinit$$0000000F
    libinit2.o(.ARM.Collect$$libinit$$00000026) refers to argv_veneer.o(.text) for __ARM_argv_veneer
    libinit2.o(.ARM.Collect$$libinit$$00000027) refers to argv_veneer.o(.text) for __ARM_argv_veneer
    sys_exit.o(.text) refers (Special) to use_no_semi.o(.text) for __I$use$semihosting
    sys_exit.o(.text) refers (Special) to indicate_semi.o(.text) for __semihosting_library_function
    rtexit2.o(.ARM.Collect$$rtexit$$00000003) refers to libshutdown.o(.ARM.Collect$$libshutdown$$00000000) for __rt_lib_shutdown
    rtexit2.o(.ARM.Collect$$rtexit$$00000004) refers to sys_exit.o(.text) for _sys_exit
    rtexit2.o(.ARM.exidx) refers to rtexit2.o(.ARM.Collect$$rtexit$$00000001) for .ARM.Collect$$rtexit$$00000001
    rtexit2.o(.ARM.exidx) refers to rtexit2.o(.ARM.Collect$$rtexit$$00000003) for .ARM.Collect$$rtexit$$00000003
    rtexit2.o(.ARM.exidx) refers to rtexit2.o(.ARM.Collect$$rtexit$$00000004) for .ARM.Collect$$rtexit$$00000004
    __raise.o(.text) refers to defsig.o(CL$$defsig) for __default_signal_handler
    defsig_general.o(.text) refers to sys_wrch.o(.text) for _ttywrch
    sys_wrch.o(.text) refers (Special) to use_no_semi.o(.text) for __I$use$semihosting
    sys_wrch.o(.text) refers (Special) to indicate_semi.o(.text) for __semihosting_library_function
    defsig.o(CL$$defsig) refers to defsig_fpe_inner.o(.text) for __rt_SIGFPE_inner
    defsig.o(CL$$defsig) refers to defsig_rtmem_inner.o(.text) for __rt_SIGRTMEM_inner
    _get_argv_nomalloc.o(.text) refers (Special) to hrguard.o(.text) for __heap_region$guard
    _get_argv_nomalloc.o(.text) refers to defsig_rtmem_outer.o(.text) for __rt_SIGRTMEM
    _get_argv_nomalloc.o(.text) refers to sys_command.o(.text) for _sys_command_string
    libshutdown.o(.ARM.Collect$$libshutdown$$00000000) refers (Special) to libshutdown2.o(.ARM.Collect$$libshutdown$$00000002) for __rt_lib_shutdown_cpp_1
    libshutdown.o(.ARM.Collect$$libshutdown$$00000000) refers (Special) to libshutdown2.o(.ARM.Collect$$libshutdown$$00000007) for __rt_lib_shutdown_fp_trap_1
    libshutdown.o(.ARM.Collect$$libshutdown$$00000000) refers (Special) to libshutdown2.o(.ARM.Collect$$libshutdown$$0000000F) for __rt_lib_shutdown_heap_1
    libshutdown.o(.ARM.Collect$$libshutdown$$00000000) refers (Special) to libshutdown2.o(.ARM.Collect$$libshutdown$$00000010) for __rt_lib_shutdown_return
    libshutdown.o(.ARM.Collect$$libshutdown$$00000000) refers (Special) to libshutdown2.o(.ARM.Collect$$libshutdown$$0000000A) for __rt_lib_shutdown_signal_1
    libshutdown.o(.ARM.Collect$$libshutdown$$00000000) refers (Special) to libshutdown2.o(.ARM.Collect$$libshutdown$$00000004) for __rt_lib_shutdown_stdio_1
    libshutdown.o(.ARM.Collect$$libshutdown$$00000000) refers (Special) to libshutdown2.o(.ARM.Collect$$libshutdown$$0000000C) for __rt_lib_shutdown_user_alloc_1
    sys_command.o(.text) refers (Special) to use_no_semi.o(.text) for __I$use$semihosting
    sys_command.o(.text) refers (Special) to indicate_semi.o(.text) for __semihosting_library_function
    defsig_abrt_inner.o(.text) refers to defsig_general.o(.text) for __default_signal_display
    defsig_rtred_inner.o(.text) refers to defsig_general.o(.text) for __default_signal_display
    defsig_rtmem_inner.o(.text) refers to defsig_general.o(.text) for __default_signal_display
    defsig_rtmem_outer.o(.text) refers to defsig_rtmem_inner.o(.text) for __rt_SIGRTMEM_inner
    defsig_rtmem_outer.o(.text) refers to defsig_exit.o(.text) for __sig_exit
    defsig_rtmem_formal.o(.text) refers to rt_raise.o(.text) for __rt_raise
    defsig_stak_inner.o(.text) refers to defsig_general.o(.text) for __default_signal_display
    defsig_pvfn_inner.o(.text) refers to defsig_general.o(.text) for __default_signal_display
    defsig_cppl_inner.o(.text) refers to defsig_general.o(.text) for __default_signal_display
    defsig_segv_inner.o(.text) refers to defsig_general.o(.text) for __default_signal_display
    defsig_other.o(.text) refers to defsig_general.o(.text) for __default_signal_display


==============================================================================

Removing Unused input sections from the image.

    Removing main.o(.rev16_text), (4 bytes).
    Removing main.o(.revsh_text), (4 bytes).
    Removing main.o(.constdata), (16 bytes).
    Removing tpm.o(.rev16_text), (4 bytes).
    Removing tpm.o(.revsh_text), (4 bytes).
    Removing tpm.o(.constdata), (8 bytes).
    Removing slcd.o(.rev16_text), (4 bytes).
    Removing slcd.o(.revsh_text), (4 bytes).
    Removing slcd.o(i.pitincrement), (100 bytes).
    Removing slcd.o(i.slcdClear), (36 bytes).
    Removing slcd.o(i.slcdDemo), (56 bytes).
    Removing slcd.o(i.slcdDots), (78 bytes).
    Removing mpu.o(.rev16_text), (4 bytes).
    Removing mpu.o(.revsh_text), (4 bytes).
    Removing mpu.o(i.Init), (54 bytes).
    Removing mpu.o(i.calibrate), (824 bytes).
    Removing mpu.o(i.readX), (12 bytes).
    Removing mpu.o(i.readZ), (12 bytes).
    Removing mpu.o(i.reset), (18 bytes).
    Removing mpu.o(.constdata), (8 bytes).
    Removing i2c.o(.rev16_text), (4 bytes).
    Removing i2c.o(.revsh_text), (4 bytes).
    Removing i2c.o(i.I2C_ack), (10 bytes).
    Removing i2c.o(i.I2C_nack), (10 bytes).
    Removing leds.o(.rev16_text), (4 bytes).
    Removing leds.o(.revsh_text), (4 bytes).
    Removing leds.o(i.ledgreenBlink), (56 bytes).
    Removing leds.o(i.ledredBlink), (56 bytes).
    Removing leds.o(i.ledsInitialize), (96 bytes).
    Removing leds.o(i.ledsOff), (28 bytes).
    Removing leds.o(i.ledsOn), (28 bytes).
    Removing leds.o(.constdata), (8 bytes).
    Removing extra.o(.rev16_text), (4 bytes).
    Removing extra.o(.revsh_text), (4 bytes).
    Removing system_mkl46z4.o(.rev16_text), (4 bytes).
    Removing system_mkl46z4.o(.revsh_text), (4 bytes).
    Removing system_mkl46z4.o(i.SystemCoreClockUpdate), (348 bytes).
    Removing system_mkl46z4.o(.data), (4 bytes).

38 unused section(s) (total 1930 bytes) removed from the image.

==============================================================================

Image Symbol Table

    Local Symbols

    Symbol Name                              Value     Ov Type        Size  Object(Section)

    RESET                                    0x00000000   Section      192  startup_mkl46z4.o(RESET)
    ../clib/angel/boardlib.s                 0x00000000   Number         0  boardinit2.o ABSOLUTE
    ../clib/angel/boardlib.s                 0x00000000   Number         0  boardshut.o ABSOLUTE
    ../clib/angel/boardlib.s                 0x00000000   Number         0  boardinit1.o ABSOLUTE
    ../clib/angel/boardlib.s                 0x00000000   Number         0  boardinit3.o ABSOLUTE
    ../clib/angel/handlers.s                 0x00000000   Number         0  __scatter_zi.o ABSOLUTE
    ../clib/angel/handlers.s                 0x00000000   Number         0  __scatter_copy.o ABSOLUTE
    ../clib/angel/kernel.s                   0x00000000   Number         0  __rtentry.o ABSOLUTE
    ../clib/angel/kernel.s                   0x00000000   Number         0  __rtentry2.o ABSOLUTE
    ../clib/angel/kernel.s                   0x00000000   Number         0  rtexit2.o ABSOLUTE
    ../clib/angel/kernel.s                   0x00000000   Number         0  rtexit.o ABSOLUTE
    ../clib/angel/kernel.s                   0x00000000   Number         0  __rtentry4.o ABSOLUTE
    ../clib/angel/rt.s                       0x00000000   Number         0  aeabi_idiv0_sigfpe.o ABSOLUTE
    ../clib/angel/rt.s                       0x00000000   Number         0  rt_div0.o ABSOLUTE
    ../clib/angel/rt.s                       0x00000000   Number         0  rt_raise.o ABSOLUTE
    ../clib/angel/rt.s                       0x00000000   Number         0  aeabi_idiv0.o ABSOLUTE
    ../clib/angel/scatterp.s                 0x00000000   Number         0  __scatter.o ABSOLUTE
    ../clib/angel/startup.s                  0x00000000   Number         0  __main.o ABSOLUTE
    ../clib/angel/sys.s                      0x00000000   Number         0  use_no_semi.o ABSOLUTE
    ../clib/angel/sys.s                      0x00000000   Number         0  tempstk.o ABSOLUTE
    ../clib/angel/sys.s                      0x00000000   Number         0  libspace.o ABSOLUTE
    ../clib/angel/sys.s                      0x00000000   Number         0  sys_stackheap_outer.o ABSOLUTE
    ../clib/angel/sys.s                      0x00000000   Number         0  indicate_semi.o ABSOLUTE
    ../clib/angel/sysapp.c                   0x00000000   Number         0  sys_exit.o ABSOLUTE
    ../clib/angel/sysapp.c                   0x00000000   Number         0  sys_wrch.o ABSOLUTE
    ../clib/angel/sysapp.c                   0x00000000   Number         0  sys_command.o ABSOLUTE
    ../clib/armsys.c                         0x00000000   Number         0  no_argv.o ABSOLUTE
    ../clib/armsys.c                         0x00000000   Number         0  argv_veneer.o ABSOLUTE
    ../clib/armsys.c                         0x00000000   Number         0  _get_argv_nomalloc.o ABSOLUTE
    ../clib/division.s                       0x00000000   Number         0  aeabi_sdiv.o ABSOLUTE
    ../clib/division.s                       0x00000000   Number         0  aeabi_sdiv_div0.o ABSOLUTE
    ../clib/heapalloc.c                      0x00000000   Number         0  hrguard.o ABSOLUTE
    ../clib/heapaux.c                        0x00000000   Number         0  heapauxi.o ABSOLUTE
    ../clib/libinit.s                        0x00000000   Number         0  libinit2.o ABSOLUTE
    ../clib/libinit.s                        0x00000000   Number         0  libinit.o ABSOLUTE
    ../clib/libinit.s                        0x00000000   Number         0  libshutdown2.o ABSOLUTE
    ../clib/libinit.s                        0x00000000   Number         0  libshutdown.o ABSOLUTE
    ../clib/signal.c                         0x00000000   Number         0  defsig_rtmem_inner.o ABSOLUTE
    ../clib/signal.c                         0x00000000   Number         0  defsig_rtred_inner.o ABSOLUTE
    ../clib/signal.c                         0x00000000   Number         0  defsig_abrt_inner.o ABSOLUTE
    ../clib/signal.c                         0x00000000   Number         0  defsig_stak_inner.o ABSOLUTE
    ../clib/signal.c                         0x00000000   Number         0  defsig_pvfn_inner.o ABSOLUTE
    ../clib/signal.c                         0x00000000   Number         0  defsig_fpe_outer.o ABSOLUTE
    ../clib/signal.c                         0x00000000   Number         0  defsig_cppl_inner.o ABSOLUTE
    ../clib/signal.c                         0x00000000   Number         0  defsig_segv_inner.o ABSOLUTE
    ../clib/signal.c                         0x00000000   Number         0  defsig_other.o ABSOLUTE
    ../clib/signal.c                         0x00000000   Number         0  defsig_rtmem_outer.o ABSOLUTE
    ../clib/signal.c                         0x00000000   Number         0  defsig_exit.o ABSOLUTE
    ../clib/signal.c                         0x00000000   Number         0  defsig_fpe_inner.o ABSOLUTE
    ../clib/signal.c                         0x00000000   Number         0  defsig_fpe_formal.o ABSOLUTE
    ../clib/signal.c                         0x00000000   Number         0  defsig_general.o ABSOLUTE
    ../clib/signal.c                         0x00000000   Number         0  __raise.o ABSOLUTE
    ../clib/signal.c                         0x00000000   Number         0  defsig_rtmem_formal.o ABSOLUTE
    ../clib/signal.s                         0x00000000   Number         0  defsig.o ABSOLUTE
    ../clib/stdlib.c                         0x00000000   Number         0  exit.o ABSOLUTE
    ../fplib/cfplib/fflt.c                   0x00000000   Number         0  fflti.o ABSOLUTE
    ../fplib/cfplib/fpinit.c                 0x00000000   Number         0  fpinit.o ABSOLUTE
    ../fplib/fmul6m.s                        0x00000000   Number         0  fmul.o ABSOLUTE
    ../fplib/usenofp.s                       0x00000000   Number         0  usenofp.o ABSOLUTE
    RTE\Device\MKL46Z256xxx4\startup_MKL46Z4.s 0x00000000   Number         0  startup_mkl46z4.o ABSOLUTE
    RTE\Device\MKL46Z256xxx4\system_MKL46Z4.c 0x00000000   Number         0  system_mkl46z4.o ABSOLUTE
    RTE\\Device\\MKL46Z256xxx4\\system_MKL46Z4.c 0x00000000   Number         0  system_mkl46z4.o ABSOLUTE
    dc.s                                     0x00000000   Number         0  dc.o ABSOLUTE
    extra.c                                  0x00000000   Number         0  extra.o ABSOLUTE
    extra.c                                  0x00000000   Number         0  extra.o ABSOLUTE
    i2c.c                                    0x00000000   Number         0  i2c.o ABSOLUTE
    i2c.c                                    0x00000000   Number         0  i2c.o ABSOLUTE
    leds.c                                   0x00000000   Number         0  leds.o ABSOLUTE
    leds.c                                   0x00000000   Number         0  leds.o ABSOLUTE
    main.c                                   0x00000000   Number         0  main.o ABSOLUTE
    main.c                                   0x00000000   Number         0  main.o ABSOLUTE
    mpu.c                                    0x00000000   Number         0  mpu.o ABSOLUTE
    mpu.c                                    0x00000000   Number         0  mpu.o ABSOLUTE
    slcd.c                                   0x00000000   Number         0  slcd.o ABSOLUTE
    slcd.c                                   0x00000000   Number         0  slcd.o ABSOLUTE
    tpm.c                                    0x00000000   Number         0  tpm.o ABSOLUTE
    tpm.c                                    0x00000000   Number         0  tpm.o ABSOLUTE
    !!!main                                  0x000000c0   Section        8  __main.o(!!!main)
    !!!scatter                               0x000000c8   Section       60  __scatter.o(!!!scatter)
    !!handler_copy                           0x00000104   Section       26  __scatter_copy.o(!!handler_copy)
    !!handler_zi                             0x00000120   Section       28  __scatter_zi.o(!!handler_zi)
    .ARM.Collect$$libinit$$00000000          0x0000013c   Section        2  libinit.o(.ARM.Collect$$libinit$$00000000)
    .ARM.Collect$$libinit$$00000002          0x0000013e   Section        0  libinit2.o(.ARM.Collect$$libinit$$00000002)
    .ARM.Collect$$libinit$$00000004          0x0000013e   Section        0  libinit2.o(.ARM.Collect$$libinit$$00000004)
    .ARM.Collect$$libinit$$0000000A          0x0000013e   Section        0  libinit2.o(.ARM.Collect$$libinit$$0000000A)
    .ARM.Collect$$libinit$$0000000C          0x0000013e   Section        0  libinit2.o(.ARM.Collect$$libinit$$0000000C)
    .ARM.Collect$$libinit$$0000000E          0x0000013e   Section        0  libinit2.o(.ARM.Collect$$libinit$$0000000E)
    .ARM.Collect$$libinit$$00000011          0x0000013e   Section        0  libinit2.o(.ARM.Collect$$libinit$$00000011)
    .ARM.Collect$$libinit$$00000013          0x0000013e   Section        0  libinit2.o(.ARM.Collect$$libinit$$00000013)
    .ARM.Collect$$libinit$$00000015          0x0000013e   Section        0  libinit2.o(.ARM.Collect$$libinit$$00000015)
    .ARM.Collect$$libinit$$00000017          0x0000013e   Section        0  libinit2.o(.ARM.Collect$$libinit$$00000017)
    .ARM.Collect$$libinit$$00000019          0x0000013e   Section        0  libinit2.o(.ARM.Collect$$libinit$$00000019)
    .ARM.Collect$$libinit$$0000001B          0x0000013e   Section        0  libinit2.o(.ARM.Collect$$libinit$$0000001B)
    .ARM.Collect$$libinit$$0000001D          0x0000013e   Section        0  libinit2.o(.ARM.Collect$$libinit$$0000001D)
    .ARM.Collect$$libinit$$0000001F          0x0000013e   Section        0  libinit2.o(.ARM.Collect$$libinit$$0000001F)
    .ARM.Collect$$libinit$$00000021          0x0000013e   Section        0  libinit2.o(.ARM.Collect$$libinit$$00000021)
    .ARM.Collect$$libinit$$00000023          0x0000013e   Section        0  libinit2.o(.ARM.Collect$$libinit$$00000023)
    .ARM.Collect$$libinit$$00000025          0x0000013e   Section        0  libinit2.o(.ARM.Collect$$libinit$$00000025)
    .ARM.Collect$$libinit$$0000002C          0x0000013e   Section        0  libinit2.o(.ARM.Collect$$libinit$$0000002C)
    .ARM.Collect$$libinit$$0000002E          0x0000013e   Section        0  libinit2.o(.ARM.Collect$$libinit$$0000002E)
    .ARM.Collect$$libinit$$00000030          0x0000013e   Section        0  libinit2.o(.ARM.Collect$$libinit$$00000030)
    .ARM.Collect$$libinit$$00000032          0x0000013e   Section        0  libinit2.o(.ARM.Collect$$libinit$$00000032)
    .ARM.Collect$$libinit$$00000033          0x0000013e   Section        2  libinit2.o(.ARM.Collect$$libinit$$00000033)
    .ARM.Collect$$libshutdown$$00000000      0x00000140   Section        2  libshutdown.o(.ARM.Collect$$libshutdown$$00000000)
    .ARM.Collect$$libshutdown$$00000002      0x00000142   Section        0  libshutdown2.o(.ARM.Collect$$libshutdown$$00000002)
    .ARM.Collect$$libshutdown$$00000004      0x00000142   Section        0  libshutdown2.o(.ARM.Collect$$libshutdown$$00000004)
    .ARM.Collect$$libshutdown$$00000007      0x00000142   Section        0  libshutdown2.o(.ARM.Collect$$libshutdown$$00000007)
    .ARM.Collect$$libshutdown$$0000000A      0x00000142   Section        0  libshutdown2.o(.ARM.Collect$$libshutdown$$0000000A)
    .ARM.Collect$$libshutdown$$0000000C      0x00000142   Section        0  libshutdown2.o(.ARM.Collect$$libshutdown$$0000000C)
    .ARM.Collect$$libshutdown$$0000000F      0x00000142   Section        0  libshutdown2.o(.ARM.Collect$$libshutdown$$0000000F)
    .ARM.Collect$$libshutdown$$00000010      0x00000142   Section        2  libshutdown2.o(.ARM.Collect$$libshutdown$$00000010)
    .ARM.Collect$$rtentry$$00000000          0x00000144   Section        0  __rtentry.o(.ARM.Collect$$rtentry$$00000000)
    .ARM.Collect$$rtentry$$00000002          0x00000144   Section        0  __rtentry2.o(.ARM.Collect$$rtentry$$00000002)
    .ARM.Collect$$rtentry$$00000004          0x00000144   Section        6  __rtentry4.o(.ARM.Collect$$rtentry$$00000004)
    .ARM.Collect$$rtentry$$00000009          0x0000014a   Section        0  __rtentry2.o(.ARM.Collect$$rtentry$$00000009)
    .ARM.Collect$$rtentry$$0000000A          0x0000014a   Section        4  __rtentry2.o(.ARM.Collect$$rtentry$$0000000A)
    .ARM.Collect$$rtentry$$0000000C          0x0000014e   Section        0  __rtentry2.o(.ARM.Collect$$rtentry$$0000000C)
    .ARM.Collect$$rtentry$$0000000D          0x0000014e   Section        8  __rtentry2.o(.ARM.Collect$$rtentry$$0000000D)
    .ARM.Collect$$rtexit$$00000000           0x00000156   Section        2  rtexit.o(.ARM.Collect$$rtexit$$00000000)
    .ARM.Collect$$rtexit$$00000002           0x00000158   Section        0  rtexit2.o(.ARM.Collect$$rtexit$$00000002)
    .ARM.Collect$$rtexit$$00000003           0x00000158   Section        4  rtexit2.o(.ARM.Collect$$rtexit$$00000003)
    .ARM.Collect$$rtexit$$00000004           0x0000015c   Section        6  rtexit2.o(.ARM.Collect$$rtexit$$00000004)
    .text                                    0x00000164   Section       52  startup_mkl46z4.o(.text)
    .text                                    0x00000198   Section      346  aeabi_sdiv.o(.text)
    .text                                    0x000002f2   Section        0  heapauxi.o(.text)
    .text                                    0x000002f8   Section       62  sys_stackheap_outer.o(.text)
    .text                                    0x00000336   Section        0  exit.o(.text)
    .text                                    0x00000348   Section        8  libspace.o(.text)
    .text                                    0x00000350   Section        0  sys_exit.o(.text)
    .text                                    0x0000035c   Section        2  use_no_semi.o(.text)
    .text                                    0x0000035e   Section        0  indicate_semi.o(.text)
    i.I2C_Disable                            0x0000035e   Section        0  i2c.o(i.I2C_Disable)
    i.I2C_Enable                             0x00000368   Section        0  i2c.o(i.I2C_Enable)
    i.I2C_Init                               0x00000374   Section        0  i2c.o(i.I2C_Init)
    i.I2C_ReadByte                           0x000003ac   Section        0  i2c.o(i.I2C_ReadByte)
    i.I2C_Restart                            0x000003d8   Section        0  i2c.o(i.I2C_Restart)
    i.I2C_Start                              0x000003e2   Section        0  i2c.o(i.I2C_Start)
    i.readY                                  0x000003ec   Section        0  mpu.o(i.readY)
    .constdata                               0x000003f8   Section        8  slcd.o(.constdata)
    LCD_Front_Pin                            0x000003f8   Data           8  slcd.o(.constdata)
    .ARM.__at_0x400                          0x00000400   Section       16  startup_mkl46z4.o(.ARM.__at_0x400)
    i.I2C_Stop                               0x00000410   Section        0  i2c.o(i.I2C_Stop)
    i.I2C_WriteByte                          0x00000436   Section        0  i2c.o(i.I2C_WriteByte)
    i.SystemInit                             0x00000458   Section        0  system_mkl46z4.o(i.SystemInit)
    i.TPM0_IRQHandler                        0x00000528   Section        0  tpm.o(i.TPM0_IRQHandler)
    i.__ARM_common_switch8                   0x00000590   Section        0  slcd.o(i.__ARM_common_switch8)
    i.__NVIC_SetPriority                     0x000005ac   Section        0  tpm.o(i.__NVIC_SetPriority)
    __NVIC_SetPriority                       0x000005ad   Thumb Code   110  tpm.o(i.__NVIC_SetPriority)
    i.delay_mc                               0x00000624   Section        0  extra.o(i.delay_mc)
    i.main                                   0x00000640   Section        0  main.o(i.main)
    i.read                                   0x00000660   Section        0  mpu.o(i.read)
    i.sendACK                                0x000006c4   Section        0  i2c.o(i.sendACK)
    i.sendNACK                               0x000006ce   Section        0  i2c.o(i.sendNACK)
    i.setRegister                            0x000006d8   Section        0  mpu.o(i.setRegister)
    i.slcdDisplay                            0x00000714   Section        0  slcd.o(i.slcdDisplay)
    i.slcdErr                                0x000008e8   Section        0  slcd.o(i.slcdErr)
    i.slcdInitialize                         0x000009b0   Section        0  slcd.o(i.slcdInitialize)
    i.slcdSet                                0x00000a78   Section        0  slcd.o(i.slcdSet)
    i.tpmInitialize                          0x00000c9c   Section        0  tpm.o(i.tpmInitialize)
    .data                                    0x1fffe000   Section        4  tpm.o(.data)
    value                                    0x1fffe000   Data           4  tpm.o(.data)
    .bss                                     0x1fffe004   Section       96  libspace.o(.bss)
    HEAP                                     0x1fffe068   Section        0  startup_mkl46z4.o(HEAP)
    STACK                                    0x1fffe068   Section      256  startup_mkl46z4.o(STACK)
    Heap_Mem                                 0x1fffe068   Data           0  startup_mkl46z4.o(HEAP)
    Stack_Mem                                0x1fffe068   Data         256  startup_mkl46z4.o(STACK)
    __initial_sp                             0x1fffe168   Data           0  startup_mkl46z4.o(STACK)

    Global Symbols

    Symbol Name                              Value     Ov Type        Size  Object(Section)

    BuildAttributes$$THM_ISAv3M$S$PE$A:L22$X:L11$S22$IEEE1$IW$USESV6$~STKCKD$USESV7$~SHL$OSPACE$ROPI$EBA8$UX$STANDARDLIB$REQ8$PRES8$EABIv2 0x00000000   Number         0  anon$$obj.o ABSOLUTE
    __ARM_use_no_argv                        0x00000000   Number         0  main.o ABSOLUTE
    __Vectors                                0x00000000   Data           4  startup_mkl46z4.o(RESET)
    __ARM_exceptions_init                     - Undefined Weak Reference
    __alloca_initialize                       - Undefined Weak Reference
    __arm_preinit_                            - Undefined Weak Reference
    __cpp_initialize__aeabi_                  - Undefined Weak Reference
    __cxa_finalize                            - Undefined Weak Reference
    __rt_locale                               - Undefined Weak Reference
    __sigvec_lookup                           - Undefined Weak Reference
    _atexit_init                              - Undefined Weak Reference
    _call_atexit_fns                          - Undefined Weak Reference
    _clock_init                               - Undefined Weak Reference
    _fp_trap_init                             - Undefined Weak Reference
    _fp_trap_shutdown                         - Undefined Weak Reference
    _get_lc_collate                           - Undefined Weak Reference
    _get_lc_ctype                             - Undefined Weak Reference
    _get_lc_monetary                          - Undefined Weak Reference
    _get_lc_numeric                           - Undefined Weak Reference
    _get_lc_time                              - Undefined Weak Reference
    _getenv_init                              - Undefined Weak Reference
    _handle_redirection                       - Undefined Weak Reference
    _init_alloc                               - Undefined Weak Reference
    _init_user_alloc                          - Undefined Weak Reference
    _initio                                   - Undefined Weak Reference
    _rand_init                                - Undefined Weak Reference
    _signal_finish                            - Undefined Weak Reference
    _signal_init                              - Undefined Weak Reference
    _terminate_alloc                          - Undefined Weak Reference
    _terminate_user_alloc                     - Undefined Weak Reference
    _terminateio                              - Undefined Weak Reference
    __Vectors_End                            0x000000c0   Data           0  startup_mkl46z4.o(RESET)
    __Vectors_Size                           0x000000c0   Number         0  startup_mkl46z4.o ABSOLUTE
    __main                                   0x000000c1   Thumb Code     8  __main.o(!!!main)
    __scatterload                            0x000000c9   Thumb Code     0  __scatter.o(!!!scatter)
    __scatterload_rt2                        0x000000c9   Thumb Code    52  __scatter.o(!!!scatter)
    __scatterload_rt2_thumb_only             0x000000c9   Thumb Code     0  __scatter.o(!!!scatter)
    __scatterload_null                       0x000000d9   Thumb Code     0  __scatter.o(!!!scatter)
    __scatterload_copy                       0x00000105   Thumb Code    26  __scatter_copy.o(!!handler_copy)
    __scatterload_zeroinit                   0x00000121   Thumb Code    28  __scatter_zi.o(!!handler_zi)
    __rt_lib_init                            0x0000013d   Thumb Code     0  libinit.o(.ARM.Collect$$libinit$$00000000)
    __rt_lib_init_alloca_1                   0x0000013f   Thumb Code     0  libinit2.o(.ARM.Collect$$libinit$$0000002E)
    __rt_lib_init_argv_1                     0x0000013f   Thumb Code     0  libinit2.o(.ARM.Collect$$libinit$$0000002C)
    __rt_lib_init_atexit_1                   0x0000013f   Thumb Code     0  libinit2.o(.ARM.Collect$$libinit$$0000001B)
    __rt_lib_init_clock_1                    0x0000013f   Thumb Code     0  libinit2.o(.ARM.Collect$$libinit$$00000021)
    __rt_lib_init_cpp_1                      0x0000013f   Thumb Code     0  libinit2.o(.ARM.Collect$$libinit$$00000032)
    __rt_lib_init_exceptions_1               0x0000013f   Thumb Code     0  libinit2.o(.ARM.Collect$$libinit$$00000030)
    __rt_lib_init_fp_1                       0x0000013f   Thumb Code     0  libinit2.o(.ARM.Collect$$libinit$$00000002)
    __rt_lib_init_fp_trap_1                  0x0000013f   Thumb Code     0  libinit2.o(.ARM.Collect$$libinit$$0000001F)
    __rt_lib_init_getenv_1                   0x0000013f   Thumb Code     0  libinit2.o(.ARM.Collect$$libinit$$00000023)
    __rt_lib_init_heap_1                     0x0000013f   Thumb Code     0  libinit2.o(.ARM.Collect$$libinit$$0000000A)
    __rt_lib_init_lc_collate_1               0x0000013f   Thumb Code     0  libinit2.o(.ARM.Collect$$libinit$$00000011)
    __rt_lib_init_lc_ctype_1                 0x0000013f   Thumb Code     0  libinit2.o(.ARM.Collect$$libinit$$00000013)
    __rt_lib_init_lc_monetary_1              0x0000013f   Thumb Code     0  libinit2.o(.ARM.Collect$$libinit$$00000015)
    __rt_lib_init_lc_numeric_1               0x0000013f   Thumb Code     0  libinit2.o(.ARM.Collect$$libinit$$00000017)
    __rt_lib_init_lc_time_1                  0x0000013f   Thumb Code     0  libinit2.o(.ARM.Collect$$libinit$$00000019)
    __rt_lib_init_preinit_1                  0x0000013f   Thumb Code     0  libinit2.o(.ARM.Collect$$libinit$$00000004)
    __rt_lib_init_rand_1                     0x0000013f   Thumb Code     0  libinit2.o(.ARM.Collect$$libinit$$0000000E)
    __rt_lib_init_return                     0x0000013f   Thumb Code     0  libinit2.o(.ARM.Collect$$libinit$$00000033)
    __rt_lib_init_signal_1                   0x0000013f   Thumb Code     0  libinit2.o(.ARM.Collect$$libinit$$0000001D)
    __rt_lib_init_stdio_1                    0x0000013f   Thumb Code     0  libinit2.o(.ARM.Collect$$libinit$$00000025)
    __rt_lib_init_user_alloc_1               0x0000013f   Thumb Code     0  libinit2.o(.ARM.Collect$$libinit$$0000000C)
    __rt_lib_shutdown                        0x00000141   Thumb Code     0  libshutdown.o(.ARM.Collect$$libshutdown$$00000000)
    __rt_lib_shutdown_cpp_1                  0x00000143   Thumb Code     0  libshutdown2.o(.ARM.Collect$$libshutdown$$00000002)
    __rt_lib_shutdown_fp_trap_1              0x00000143   Thumb Code     0  libshutdown2.o(.ARM.Collect$$libshutdown$$00000007)
    __rt_lib_shutdown_heap_1                 0x00000143   Thumb Code     0  libshutdown2.o(.ARM.Collect$$libshutdown$$0000000F)
    __rt_lib_shutdown_return                 0x00000143   Thumb Code     0  libshutdown2.o(.ARM.Collect$$libshutdown$$00000010)
    __rt_lib_shutdown_signal_1               0x00000143   Thumb Code     0  libshutdown2.o(.ARM.Collect$$libshutdown$$0000000A)
    __rt_lib_shutdown_stdio_1                0x00000143   Thumb Code     0  libshutdown2.o(.ARM.Collect$$libshutdown$$00000004)
    __rt_lib_shutdown_user_alloc_1           0x00000143   Thumb Code     0  libshutdown2.o(.ARM.Collect$$libshutdown$$0000000C)
    __rt_entry                               0x00000145   Thumb Code     0  __rtentry.o(.ARM.Collect$$rtentry$$00000000)
    __rt_entry_presh_1                       0x00000145   Thumb Code     0  __rtentry2.o(.ARM.Collect$$rtentry$$00000002)
    __rt_entry_sh                            0x00000145   Thumb Code     0  __rtentry4.o(.ARM.Collect$$rtentry$$00000004)
    __rt_entry_li                            0x0000014b   Thumb Code     0  __rtentry2.o(.ARM.Collect$$rtentry$$0000000A)
    __rt_entry_postsh_1                      0x0000014b   Thumb Code     0  __rtentry2.o(.ARM.Collect$$rtentry$$00000009)
    __rt_entry_main                          0x0000014f   Thumb Code     0  __rtentry2.o(.ARM.Collect$$rtentry$$0000000D)
    __rt_entry_postli_1                      0x0000014f   Thumb Code     0  __rtentry2.o(.ARM.Collect$$rtentry$$0000000C)
    __rt_exit                                0x00000157   Thumb Code     0  rtexit.o(.ARM.Collect$$rtexit$$00000000)
    __rt_exit_ls                             0x00000159   Thumb Code     0  rtexit2.o(.ARM.Collect$$rtexit$$00000003)
    __rt_exit_prels_1                        0x00000159   Thumb Code     0  rtexit2.o(.ARM.Collect$$rtexit$$00000002)
    __rt_exit_exit                           0x0000015d   Thumb Code     0  rtexit2.o(.ARM.Collect$$rtexit$$00000004)
    Reset_Handler                            0x00000165   Thumb Code     8  startup_mkl46z4.o(.text)
    NMI_Handler                              0x0000016d   Thumb Code     2  startup_mkl46z4.o(.text)
    HardFault_Handler                        0x0000016f   Thumb Code     2  startup_mkl46z4.o(.text)
    SVC_Handler                              0x00000171   Thumb Code     2  startup_mkl46z4.o(.text)
    PendSV_Handler                           0x00000173   Thumb Code     2  startup_mkl46z4.o(.text)
    SysTick_Handler                          0x00000175   Thumb Code     2  startup_mkl46z4.o(.text)
    ADC0_IRQHandler                          0x00000177   Thumb Code     0  startup_mkl46z4.o(.text)
    CMP0_IRQHandler                          0x00000177   Thumb Code     0  startup_mkl46z4.o(.text)
    DAC0_IRQHandler                          0x00000177   Thumb Code     0  startup_mkl46z4.o(.text)
    DMA0_IRQHandler                          0x00000177   Thumb Code     0  startup_mkl46z4.o(.text)
    DMA1_IRQHandler                          0x00000177   Thumb Code     0  startup_mkl46z4.o(.text)
    DMA2_IRQHandler                          0x00000177   Thumb Code     0  startup_mkl46z4.o(.text)
    DMA3_IRQHandler                          0x00000177   Thumb Code     0  startup_mkl46z4.o(.text)
    DefaultISR                               0x00000177   Thumb Code     0  startup_mkl46z4.o(.text)
    FTFA_IRQHandler                          0x00000177   Thumb Code     0  startup_mkl46z4.o(.text)
    I2C0_IRQHandler                          0x00000177   Thumb Code     0  startup_mkl46z4.o(.text)
    I2C1_IRQHandler                          0x00000177   Thumb Code     0  startup_mkl46z4.o(.text)
    I2S0_IRQHandler                          0x00000177   Thumb Code     0  startup_mkl46z4.o(.text)
    LCD_IRQHandler                           0x00000177   Thumb Code     0  startup_mkl46z4.o(.text)
    LLW_IRQHandler                           0x00000177   Thumb Code     0  startup_mkl46z4.o(.text)
    LPTimer_IRQHandler                       0x00000177   Thumb Code     0  startup_mkl46z4.o(.text)
    LVD_LVW_IRQHandler                       0x00000177   Thumb Code     0  startup_mkl46z4.o(.text)
    MCG_IRQHandler                           0x00000177   Thumb Code     0  startup_mkl46z4.o(.text)
    PIT_IRQHandler                           0x00000177   Thumb Code     0  startup_mkl46z4.o(.text)
    PORTA_IRQHandler                         0x00000177   Thumb Code     0  startup_mkl46z4.o(.text)
    PORTC_PORTD_IRQHandler                   0x00000177   Thumb Code     0  startup_mkl46z4.o(.text)
    RTC_IRQHandler                           0x00000177   Thumb Code     0  startup_mkl46z4.o(.text)
    RTC_Seconds_IRQHandler                   0x00000177   Thumb Code     0  startup_mkl46z4.o(.text)
    Reserved20_IRQHandler                    0x00000177   Thumb Code     0  startup_mkl46z4.o(.text)
    SPI0_IRQHandler                          0x00000177   Thumb Code     0  startup_mkl46z4.o(.text)
    SPI1_IRQHandler                          0x00000177   Thumb Code     0  startup_mkl46z4.o(.text)
    TPM1_IRQHandler                          0x00000177   Thumb Code     0  startup_mkl46z4.o(.text)
    TPM2_IRQHandler                          0x00000177   Thumb Code     0  startup_mkl46z4.o(.text)
    TSI0_IRQHandler                          0x00000177   Thumb Code     0  startup_mkl46z4.o(.text)
    UART0_IRQHandler                         0x00000177   Thumb Code     0  startup_mkl46z4.o(.text)
    UART1_IRQHandler                         0x00000177   Thumb Code     0  startup_mkl46z4.o(.text)
    UART2_IRQHandler                         0x00000177   Thumb Code     0  startup_mkl46z4.o(.text)
    USB0_IRQHandler                          0x00000177   Thumb Code     0  startup_mkl46z4.o(.text)
    __user_initial_stackheap                 0x00000179   Thumb Code     0  startup_mkl46z4.o(.text)
    __aeabi_uidiv                            0x00000199   Thumb Code     0  aeabi_sdiv.o(.text)
    __aeabi_uidivmod                         0x00000199   Thumb Code    20  aeabi_sdiv.o(.text)
    __aeabi_idiv                             0x000001ad   Thumb Code     0  aeabi_sdiv.o(.text)
    __aeabi_idivmod                          0x000001ad   Thumb Code   326  aeabi_sdiv.o(.text)
    __use_two_region_memory                  0x000002f3   Thumb Code     2  heapauxi.o(.text)
    __rt_heap_escrow$2region                 0x000002f5   Thumb Code     2  heapauxi.o(.text)
    __rt_heap_expand$2region                 0x000002f7   Thumb Code     2  heapauxi.o(.text)
    __user_setup_stackheap                   0x000002f9   Thumb Code    62  sys_stackheap_outer.o(.text)
    exit                                     0x00000337   Thumb Code    16  exit.o(.text)
    __user_libspace                          0x00000349   Thumb Code     8  libspace.o(.text)
    __user_perproc_libspace                  0x00000349   Thumb Code     0  libspace.o(.text)
    __user_perthread_libspace                0x00000349   Thumb Code     0  libspace.o(.text)
    _sys_exit                                0x00000351   Thumb Code     8  sys_exit.o(.text)
    __I$use$semihosting                      0x0000035d   Thumb Code     0  use_no_semi.o(.text)
    __use_no_semihosting_swi                 0x0000035d   Thumb Code     2  use_no_semi.o(.text)
    I2C_Disable                              0x0000035f   Thumb Code    10  i2c.o(i.I2C_Disable)
    __semihosting_library_function           0x0000035f   Thumb Code     0  indicate_semi.o(.text)
    I2C_Enable                               0x00000369   Thumb Code    10  i2c.o(i.I2C_Enable)
    I2C_Init                                 0x00000375   Thumb Code    44  i2c.o(i.I2C_Init)
    I2C_ReadByte                             0x000003ad   Thumb Code    44  i2c.o(i.I2C_ReadByte)
    I2C_Restart                              0x000003d9   Thumb Code    10  i2c.o(i.I2C_Restart)
    I2C_Start                                0x000003e3   Thumb Code    10  i2c.o(i.I2C_Start)
    readY                                    0x000003ed   Thumb Code    12  mpu.o(i.readY)
    I2C_Stop                                 0x00000411   Thumb Code    38  i2c.o(i.I2C_Stop)
    I2C_WriteByte                            0x00000437   Thumb Code    32  i2c.o(i.I2C_WriteByte)
    SystemInit                               0x00000459   Thumb Code   180  system_mkl46z4.o(i.SystemInit)
    TPM0_IRQHandler                          0x00000529   Thumb Code    88  tpm.o(i.TPM0_IRQHandler)
    __ARM_common_switch8                     0x00000591   Thumb Code    28  slcd.o(i.__ARM_common_switch8)
    delay_mc                                 0x00000625   Thumb Code    24  extra.o(i.delay_mc)
    main                                     0x00000641   Thumb Code    26  main.o(i.main)
    read                                     0x00000661   Thumb Code    96  mpu.o(i.read)
    sendACK                                  0x000006c5   Thumb Code    10  i2c.o(i.sendACK)
    sendNACK                                 0x000006cf   Thumb Code    10  i2c.o(i.sendNACK)
    setRegister                              0x000006d9   Thumb Code    56  mpu.o(i.setRegister)
    slcdDisplay                              0x00000715   Thumb Code   466  slcd.o(i.slcdDisplay)
    slcdErr                                  0x000008e9   Thumb Code   190  slcd.o(i.slcdErr)
    slcdInitialize                           0x000009b1   Thumb Code   152  slcd.o(i.slcdInitialize)
    slcdSet                                  0x00000a79   Thumb Code   540  slcd.o(i.slcdSet)
    tpmInitialize                            0x00000c9d   Thumb Code   198  tpm.o(i.tpmInitialize)
    Region$$Table$$Base                      0x00000d84   Number         0  anon$$obj.o(Region$$Table)
    Region$$Table$$Limit                     0x00000da4   Number         0  anon$$obj.o(Region$$Table)
    __libspace_start                         0x1fffe004   Data          96  libspace.o(.bss)
    __temporary_stack_top$libspace           0x1fffe064   Data           0  libspace.o(.bss)



==============================================================================

Memory Map of the image

  Image Entry point : 0x00000165

  Load Region LR_1 (Base: 0x00000000, Size: 0x00000da8, Max: 0xffffffff, ABSOLUTE)

    Execution Region ER_RO (Exec base: 0x00000000, Load base: 0x00000000, Size: 0x00000da4, Max: 0xffffffff, ABSOLUTE)

    Exec Addr    Load Addr    Size         Type   Attr      Idx    E Section Name        Object

    0x00000000   0x00000000   0x000000c0   Data   RO          391    RESET               startup_mkl46z4.o
    0x000000c0   0x000000c0   0x00000008   Code   RO          439  * !!!main             c_p.l(__main.o)
    0x000000c8   0x000000c8   0x0000003c   Code   RO          613    !!!scatter          c_p.l(__scatter.o)
    0x00000104   0x00000104   0x0000001a   Code   RO          615    !!handler_copy      c_p.l(__scatter_copy.o)
    0x0000011e   0x0000011e   0x00000002   PAD
    0x00000120   0x00000120   0x0000001c   Code   RO          617    !!handler_zi        c_p.l(__scatter_zi.o)
    0x0000013c   0x0000013c   0x00000002   Code   RO          482    .ARM.Collect$$libinit$$00000000  c_p.l(libinit.o)
    0x0000013e   0x0000013e   0x00000000   Code   RO          496    .ARM.Collect$$libinit$$00000002  c_p.l(libinit2.o)
    0x0000013e   0x0000013e   0x00000000   Code   RO          498    .ARM.Collect$$libinit$$00000004  c_p.l(libinit2.o)
    0x0000013e   0x0000013e   0x00000000   Code   RO          501    .ARM.Collect$$libinit$$0000000A  c_p.l(libinit2.o)
    0x0000013e   0x0000013e   0x00000000   Code   RO          503    .ARM.Collect$$libinit$$0000000C  c_p.l(libinit2.o)
    0x0000013e   0x0000013e   0x00000000   Code   RO          505    .ARM.Collect$$libinit$$0000000E  c_p.l(libinit2.o)
    0x0000013e   0x0000013e   0x00000000   Code   RO          508    .ARM.Collect$$libinit$$00000011  c_p.l(libinit2.o)
    0x0000013e   0x0000013e   0x00000000   Code   RO          510    .ARM.Collect$$libinit$$00000013  c_p.l(libinit2.o)
    0x0000013e   0x0000013e   0x00000000   Code   RO          512    .ARM.Collect$$libinit$$00000015  c_p.l(libinit2.o)
    0x0000013e   0x0000013e   0x00000000   Code   RO          514    .ARM.Collect$$libinit$$00000017  c_p.l(libinit2.o)
    0x0000013e   0x0000013e   0x00000000   Code   RO          516    .ARM.Collect$$libinit$$00000019  c_p.l(libinit2.o)
    0x0000013e   0x0000013e   0x00000000   Code   RO          518    .ARM.Collect$$libinit$$0000001B  c_p.l(libinit2.o)
    0x0000013e   0x0000013e   0x00000000   Code   RO          520    .ARM.Collect$$libinit$$0000001D  c_p.l(libinit2.o)
    0x0000013e   0x0000013e   0x00000000   Code   RO          522    .ARM.Collect$$libinit$$0000001F  c_p.l(libinit2.o)
    0x0000013e   0x0000013e   0x00000000   Code   RO          524    .ARM.Collect$$libinit$$00000021  c_p.l(libinit2.o)
    0x0000013e   0x0000013e   0x00000000   Code   RO          526    .ARM.Collect$$libinit$$00000023  c_p.l(libinit2.o)
    0x0000013e   0x0000013e   0x00000000   Code   RO          528    .ARM.Collect$$libinit$$00000025  c_p.l(libinit2.o)
    0x0000013e   0x0000013e   0x00000000   Code   RO          532    .ARM.Collect$$libinit$$0000002C  c_p.l(libinit2.o)
    0x0000013e   0x0000013e   0x00000000   Code   RO          534    .ARM.Collect$$libinit$$0000002E  c_p.l(libinit2.o)
    0x0000013e   0x0000013e   0x00000000   Code   RO          536    .ARM.Collect$$libinit$$00000030  c_p.l(libinit2.o)
    0x0000013e   0x0000013e   0x00000000   Code   RO          538    .ARM.Collect$$libinit$$00000032  c_p.l(libinit2.o)
    0x0000013e   0x0000013e   0x00000002   Code   RO          539    .ARM.Collect$$libinit$$00000033  c_p.l(libinit2.o)
    0x00000140   0x00000140   0x00000002   Code   RO          570    .ARM.Collect$$libshutdown$$00000000  c_p.l(libshutdown.o)
    0x00000142   0x00000142   0x00000000   Code   RO          596    .ARM.Collect$$libshutdown$$00000002  c_p.l(libshutdown2.o)
    0x00000142   0x00000142   0x00000000   Code   RO          598    .ARM.Collect$$libshutdown$$00000004  c_p.l(libshutdown2.o)
    0x00000142   0x00000142   0x00000000   Code   RO          601    .ARM.Collect$$libshutdown$$00000007  c_p.l(libshutdown2.o)
    0x00000142   0x00000142   0x00000000   Code   RO          604    .ARM.Collect$$libshutdown$$0000000A  c_p.l(libshutdown2.o)
    0x00000142   0x00000142   0x00000000   Code   RO          606    .ARM.Collect$$libshutdown$$0000000C  c_p.l(libshutdown2.o)
    0x00000142   0x00000142   0x00000000   Code   RO          609    .ARM.Collect$$libshutdown$$0000000F  c_p.l(libshutdown2.o)
    0x00000142   0x00000142   0x00000002   Code   RO          610    .ARM.Collect$$libshutdown$$00000010  c_p.l(libshutdown2.o)
    0x00000144   0x00000144   0x00000000   Code   RO          445    .ARM.Collect$$rtentry$$00000000  c_p.l(__rtentry.o)
    0x00000144   0x00000144   0x00000000   Code   RO          452    .ARM.Collect$$rtentry$$00000002  c_p.l(__rtentry2.o)
    0x00000144   0x00000144   0x00000006   Code   RO          464    .ARM.Collect$$rtentry$$00000004  c_p.l(__rtentry4.o)
    0x0000014a   0x0000014a   0x00000000   Code   RO          454    .ARM.Collect$$rtentry$$00000009  c_p.l(__rtentry2.o)
    0x0000014a   0x0000014a   0x00000004   Code   RO          455    .ARM.Collect$$rtentry$$0000000A  c_p.l(__rtentry2.o)
    0x0000014e   0x0000014e   0x00000000   Code   RO          457    .ARM.Collect$$rtentry$$0000000C  c_p.l(__rtentry2.o)
    0x0000014e   0x0000014e   0x00000008   Code   RO          458    .ARM.Collect$$rtentry$$0000000D  c_p.l(__rtentry2.o)
    0x00000156   0x00000156   0x00000002   Code   RO          487    .ARM.Collect$$rtexit$$00000000  c_p.l(rtexit.o)
    0x00000158   0x00000158   0x00000000   Code   RO          543    .ARM.Collect$$rtexit$$00000002  c_p.l(rtexit2.o)
    0x00000158   0x00000158   0x00000004   Code   RO          544    .ARM.Collect$$rtexit$$00000003  c_p.l(rtexit2.o)
    0x0000015c   0x0000015c   0x00000006   Code   RO          545    .ARM.Collect$$rtexit$$00000004  c_p.l(rtexit2.o)
    0x00000162   0x00000162   0x00000002   PAD
    0x00000164   0x00000164   0x00000034   Code   RO          393  * .text               startup_mkl46z4.o
    0x00000198   0x00000198   0x0000015a   Code   RO          433    .text               c_p.l(aeabi_sdiv.o)
    0x000002f2   0x000002f2   0x00000006   Code   RO          437    .text               c_p.l(heapauxi.o)
    0x000002f8   0x000002f8   0x0000003e   Code   RO          468    .text               c_p.l(sys_stackheap_outer.o)
    0x00000336   0x00000336   0x00000010   Code   RO          471    .text               c_p.l(exit.o)
    0x00000346   0x00000346   0x00000002   PAD
    0x00000348   0x00000348   0x00000008   Code   RO          483    .text               c_p.l(libspace.o)
    0x00000350   0x00000350   0x0000000c   Code   RO          540    .text               c_p.l(sys_exit.o)
    0x0000035c   0x0000035c   0x00000002   Code   RO          559    .text               c_p.l(use_no_semi.o)
    0x0000035e   0x0000035e   0x00000000   Code   RO          561    .text               c_p.l(indicate_semi.o)
    0x0000035e   0x0000035e   0x0000000a   Code   RO          239    i.I2C_Disable       i2c.o
    0x00000368   0x00000368   0x0000000a   Code   RO          240    i.I2C_Enable        i2c.o
    0x00000372   0x00000372   0x00000002   PAD
    0x00000374   0x00000374   0x00000038   Code   RO          241    i.I2C_Init          i2c.o
    0x000003ac   0x000003ac   0x0000002c   Code   RO          242    i.I2C_ReadByte      i2c.o
    0x000003d8   0x000003d8   0x0000000a   Code   RO          243    i.I2C_Restart       i2c.o
    0x000003e2   0x000003e2   0x0000000a   Code   RO          244    i.I2C_Start         i2c.o
    0x000003ec   0x000003ec   0x0000000c   Code   RO          179    i.readY             mpu.o
    0x000003f8   0x000003f8   0x00000008   Data   RO          117    .constdata          slcd.o
    0x00000400   0x00000400   0x00000010   Code   RO          392    .ARM.__at_0x400     startup_mkl46z4.o
    0x00000410   0x00000410   0x00000026   Code   RO          245    i.I2C_Stop          i2c.o
    0x00000436   0x00000436   0x00000020   Code   RO          246    i.I2C_WriteByte     i2c.o
    0x00000456   0x00000456   0x00000002   PAD
    0x00000458   0x00000458   0x000000d0   Code   RO          402    i.SystemInit        system_mkl46z4.o
    0x00000528   0x00000528   0x00000068   Code   RO           68    i.TPM0_IRQHandler   tpm.o
    0x00000590   0x00000590   0x0000001c   Code   RO          168    i.__ARM_common_switch8  slcd.o
    0x000005ac   0x000005ac   0x00000078   Code   RO           69    i.__NVIC_SetPriority  tpm.o
    0x00000624   0x00000624   0x0000001c   Code   RO          371    i.delay_mc          extra.o
    0x00000640   0x00000640   0x00000020   Code   RO            3    i.main              main.o
    0x00000660   0x00000660   0x00000064   Code   RO          177    i.read              mpu.o
    0x000006c4   0x000006c4   0x0000000a   Code   RO          249    i.sendACK           i2c.o
    0x000006ce   0x000006ce   0x0000000a   Code   RO          250    i.sendNACK          i2c.o
    0x000006d8   0x000006d8   0x0000003c   Code   RO          182    i.setRegister       mpu.o
    0x00000714   0x00000714   0x000001d2   Code   RO          112    i.slcdDisplay       slcd.o
    0x000008e6   0x000008e6   0x00000002   PAD
    0x000008e8   0x000008e8   0x000000c8   Code   RO          114    i.slcdErr           slcd.o
    0x000009b0   0x000009b0   0x000000c8   Code   RO          115    i.slcdInitialize    slcd.o
    0x00000a78   0x00000a78   0x00000224   Code   RO          116    i.slcdSet           slcd.o
    0x00000c9c   0x00000c9c   0x000000e8   Code   RO           70    i.tpmInitialize     tpm.o
    0x00000d84   0x00000d84   0x00000020   Data   RO          611    Region$$Table       anon$$obj.o


    Execution Region ER_RW (Exec base: 0x1fffe000, Load base: 0x00000da4, Size: 0x00000004, Max: 0xffffffff, ABSOLUTE)

    Exec Addr    Load Addr    Size         Type   Attr      Idx    E Section Name        Object

    0x1fffe000   0x00000da4   0x00000004   Data   RW           72    .data               tpm.o


    Execution Region ER_ZI (Exec base: 0x1fffe004, Load base: 0x00000da8, Size: 0x00000164, Max: 0xffffffff, ABSOLUTE)

    Exec Addr    Load Addr    Size         Type   Attr      Idx    E Section Name        Object

    0x1fffe004        -       0x00000060   Zero   RW          484    .bss                c_p.l(libspace.o)
    0x1fffe064   0x00000da8   0x00000004   PAD
    0x1fffe068        -       0x00000000   Zero   RW          390    HEAP                startup_mkl46z4.o
    0x1fffe068        -       0x00000100   Zero   RW          389    STACK               startup_mkl46z4.o


==============================================================================

Image component sizes


      Code (inc. data)   RO Data    RW Data    ZI Data      Debug   Object Name

        28          4          0          0          0        463   extra.o
       230         12          0          0          0       4563   i2c.o
        32          6          0          0          0     141835   main.o
       172          8          0          0          0       1477   mpu.o
      1442         94          8          0          0       2615   slcd.o
        68         38        192          0        256        900   startup_mkl46z4.o
       208         28          0          0          0        549   system_mkl46z4.o
       456         60          0          4          0       9082   tpm.o

    ----------------------------------------------------------------------
      2642        250        232          4        256     161484   Object Totals
         0          0         32          0          0          0   (incl. Generated)
         6          0          0          0          0          0   (incl. Padding)

    ----------------------------------------------------------------------

      Code (inc. data)   RO Data    RW Data    ZI Data      Debug   Library Member Name

         8          0          0          0          0         68   __main.o
         0          0          0          0          0          0   __rtentry.o
        12          0          0          0          0          0   __rtentry2.o
         6          0          0          0          0          0   __rtentry4.o
        60          8          0          0          0          0   __scatter.o
        26          0          0          0          0          0   __scatter_copy.o
        28          0          0          0          0          0   __scatter_zi.o
       346          0          0          0          0         92   aeabi_sdiv.o
        16          0          0          0          0         68   exit.o
         6          0          0          0          0        136   heapauxi.o
         0          0          0          0          0          0   indicate_semi.o
         2          0          0          0          0          0   libinit.o
         2          0          0          0          0          0   libinit2.o
         2          0          0          0          0          0   libshutdown.o
         2          0          0          0          0          0   libshutdown2.o
         8          4          0          0         96         68   libspace.o
         2          0          0          0          0          0   rtexit.o
        10          0          0          0          0          0   rtexit2.o
        12          4          0          0          0         60   sys_exit.o
        62          0          0          0          0         80   sys_stackheap_outer.o
         2          0          0          0          0         68   use_no_semi.o

    ----------------------------------------------------------------------
       618         16          0          0        100        640   Library Totals
         6          0          0          0          4          0   (incl. Padding)

    ----------------------------------------------------------------------

      Code (inc. data)   RO Data    RW Data    ZI Data      Debug   Library Name

       612         16          0          0         96        640   c_p.l

    ----------------------------------------------------------------------
       618         16          0          0        100        640   Library Totals

    ----------------------------------------------------------------------

==============================================================================


      Code (inc. data)   RO Data    RW Data    ZI Data      Debug   

      3260        266        232          4        356     161012   Grand Totals
      3260        266        232          4        356     161012   ELF Image Totals
      3260        266        232          4          0          0   ROM Totals

==============================================================================

    Total RO  Size (Code + RO Data)                 3492 (   3.41kB)
    Total RW  Size (RW Data + ZI Data)               360 (   0.35kB)
    Total ROM Size (Code + RO Data + RW Data)       3496 (   3.41kB)

==============================================================================

